=== GOOGLE FORM SUBMISSION TEST ===
URL Length: 1414
Testing URL submission...

TEST 1: GET Request (Current Method)
URL: https://docs.google.com/forms/d/e/1FAIpQLSctkwDOrFYNPzcOQRYmixTpyjDaXnKJW9lY85W5rlX-IJuDxw/formRespo...
Status Code: 404
Headers: {
  "cache-control": "no-cache, no-store, max-age=0, must-revalidate",
  "pragma": "no-cache",
  "expires": "Mon, 01 Jan 1990 00:00:00 GMT",
  "date": "Sat, 07 Feb 2026 17:08:48 GMT",
  "content-type": "text/html; charset=utf-8",
  "x-chromium-appcache-fallback-override": "disallow-fallback",
  "p3p": "CP=\"This is not a P3P policy! See g.co/p3phelp for more info.\"",
  "content-security-policy": "require-trusted-types-for 'script';report-uri https://csp.withgoogle.com/csp/docs-tt, base-uri 'self';object-src 'none';report-uri https://csp.withgoogle.com/csp/forms/prod;script-src 'report-sample' 'nonce-f72swVzyMefYjUqczDLfzA' 'unsafe-inline' 'strict-dynamic' https: http: 'unsafe-eval'",
  "referrer-policy": "strict-origin-when-cross-origin",
  "x-content-type-options": "nosniff",
  "x-xss-protection": "1; mode=block",
  "server": "GSE",
  "set-cookie": [
    "NID=528=Ac999VntEHOlLZtg3DcYXMV3Ge2pfJVebVOVx96qaHtHsvWZnf3YH4S-sYhwrx32F_Gk2PgYNkONXf5hlLFSquYbiq-UuUMXeT4LeK-1e4eCCBtTzD7a0qc5bWOtyfKT_Ep_4GfMeIHgijA84-JTvfvHL0hf1EjbtYlwRMgKtibWhbzDM2s-W_D1qeM5Y6Ie1rvBsUneW43Zv-UD; expires=Sun, 09-Aug-2026 17:08:48 GMT; path=/; domain=.google.com; Secure; HttpOnly; SameSite=none"
  ],
  "alt-svc": "h3=\":443\"; ma=2592000,h3-29=\":443\"; ma=2592000",
  "accept-ranges": "none",
  "vary": "Accept-Encoding",
  "transfer-encoding": "chunked"
}

--- Response Body (first 500 chars) ---
<!DOCTYPE html><html lang="id"><head><meta name="description" content="Pengolah kata, presentasi dan spreadsheet web"><meta name="viewport" content="width=device-width, initial-scale=1.0, maximum-scale=1.0, minimum-scale=1.0, user-scalable=0"><link rel="shortcut icon" href="//docs.google.com/favicon.ico"><title>Halaman Tidak Ditemukan</title><meta name="referrer" content="strict-origin-when-cross-origin"><link href="//fonts.googleapis.com/css?family=Product+Sans" rel="stylesheet" type="text/css"

=== GET Test Complete ===


TEST 2: POST Request (Alternative Method)
Status Code: 200
Headers: {
  "content-type": "text/html; charset=utf-8",
  "x-robots-tag": "noindex, nofollow, nosnippet",
  "cache-control": "no-cache, no-store, max-age=0, must-revalidate",
  "pragma": "no-cache",
  "expires": "Mon, 01 Jan 1990 00:00:00 GMT",
  "date": "Sat, 07 Feb 2026 17:08:48 GMT",
  "p3p": "CP=\"This is not a P3P policy! See g.co/p3phelp for more info.\"",
  "content-security-policy": "require-trusted-types-for 'script';report-uri https://csp.withgoogle.com/csp/docs-tt, base-uri 'self';object-src 'none';report-uri https://csp.withgoogle.com/csp/forms/prod;script-src 'report-sample' 'nonce-_eVlca96FKhNvq4Dhx5J7Q' 'unsafe-inline' 'strict-dynamic' https: http: 'unsafe-eval'",
  "reporting-endpoints": "default=\"/forms/d/e/1FAIpQLSctkwDOrFYNPzcOQRYmixTpyjDaXnKJW9lY85W5rlX-IJuDxw/web-reports?bl=apps-forms.freebird_20260128.00_p2&context=eJwNynlcjYkCxvHXOe_7ZC2VOIqWU9Imyb10tShHp4NRZJr3-FhSKhMhZbKXjLFka8ZoXGMJWSKN7Axihiljy4yR7RpL0n46OaUy6j5_fP94fp-nu8mmWZCFfV1l4UQPWTjYWxbsrWThZl9ZGNJPFpYPkgXPIbLwnbcsLPyXLKwfIws7qTxGFt5RtzhZ6E_pi2VhKz1eLQtV5LdFFnT0JFsWqilqhyzEU8dOWTD_rywklMlCGtWYZKGd0pplYR2dtNML1yjMXi_INH-cXlhFD6bphVfU4l6r6KATvxoVZ8nwqknxgd6Of6-op6TVzYrFpFzTrOhBxnkfFG0kBbYqelEF1dHr-FZFDWVktSrWU8etNgV-b1NMLWtTxNAmq3bFdrLf365wpe5Cp8KKKgZ0KupIv6xTMYum53VRxlFErkIpk8dNhdKX7kcqleXkmalUDqcB65VKF9r6VqnMoUmGUaKenv4QIL6mbicCREva6Rco5pLPwBDRjzboQsRs2jI-RNxBnivHiMNpS5BG3EH5yRqxiCLSNKJMHic1oi9Vn9WIRmpwChU76I1nqFhLBYmh4hm6uShUvEtlV0LFx1RVGSo2UqhaK6aQz7-1oh85LdWKw2hka5g4mkIjdGIUtc7VicI8ndjDepxoTXmqcWKA2XhxLEVM2SfJtPj8Pmkl9WnaJ7nQDFOuFE89Iw5Ifeg_zw9KIXTRcFC6TrHD8qQUGp6YJ_mTb1KeNIrmVrDTyqJD0lpaFX5Y-oYMlw9LH2jcN0ekyXS1_oh0jy46HJWuU-nUo1IZKWqOSd1paO0xaSQ98zouNU88Ln2iA1YF0ilyyCqQkp4USItp_OxCKZJcFxRK3lScViOVUOGJGukcjXxSI4XR5tJa6XtaPbpO2kALLtVJaVT8S51UQtX6eslIxbvqpRKa0t4DenpW0RNvKKu1J3bRBoteyKazp3vhCiWf7YWl9Oh8L7ygrn3NoaI1xebIIuub5rCjBl8LtND1vRa4RX8c6o0MHyusJ9tCK6jpu6tWOEBFTta4SP4jraGhRmqlKbHWmEaLLlkjk7T_64NwGmVlgzF0f6INykm_zAazyHa5DdT09TobbKJ5B_oilTY974vttAv9cIBykvphL-3bxt3ZD8fIxkmFgTRRr8IMiklQIZE-L1RhOl2-pcINUu3vD0fyO9gfwWTIssUHUjfawoPcW20xjMZm2-EzmhEyALH0cNwAPKHsRwOxk8yW2MOCzArsYXhqDxMdfW6PExRnsEcSLTPaI51K6S69meaAjnQHKDMc8NUWB-TkOiD8rAO-oB_NHHGQyhMd8dsFR9yj9wed8JHelzhBWeqEOw1OeEj6oWrMIk2YGjpa9pUamRS9To05NG2jGrPJLFcNCzLeVaOFFt_jl8roLxLvq6EsU6MrJdEiCuxQI5TODXPGVbIMdEZ_chntDC-qjHJGLe1OdEYePVrmjGe0aoUz1lDMYWck0MKHzlhCfxxzwWtKve2Cryl32yCcpA1BrthJKbIrlpOd3hXOlPRiMBZRt6bB6E9PJDe8omtwQynB3A3mpLF0g47mUTLN9HJDAi054IYMiit3QxK5vnODN5ks3PEPHbV0x0m6ae2OuzTBxh1TyLFiFHzojuCPfxz9oSnwxwRaVOSPNPI45Y-htIrW0MbT_thKf4YH4Bm9TA9AJQ3uEoihpMsJxCR6ey8QzRS2MQgRlO4yGusoVQjGClpiF4z1lOsVjKOUujAYS2nGnmDE0k90hjLyg7GWom8EYw41u4TgE03VhCCGLB-EoD9dqQnBTarqHIMGitJqMIP2J2mQT2eXanCFip9pcIPq32jQRM51GnjSskljkUlO08fCnbwNYzGCHllpoZmthY7Or9aimDbkaZFNsUe0mEsTS7WIoppGLQy04R8tApLDEEIbF4fhWxpREIYgGlMYhvHk-CoMbmTnrYMz9c7XQUVLXuqQQetdx2Ezbc16jRxKm1yBdPKMrMBweniqAs9J21aBcCoZ_RZ3KO74W4wqfYvx1DCkEibyz6yEho5vr0QRXb5eiRtUcf4dqqkgrgpnaMv8KuygwBVVaMurQpdDVXh6pQp_04Ce1XChJMdqLKKrkdX4lW6_rMaftK2mGjvoVks1HlBmXQ020jHLWpwi2zm18KCGL2uRtrQW6ZR5vg4baeIvdYiiQZ118KARCfUIIr_EegTSut312ESq3HoMpHChATNpT0ADDlGPwAbYUfZcA8zOGGBB5rcMsKYRMxsRRA4pjRhMm39qxG6y_L0RfUn43AiJzGQjuuiNOJlgxAU6tNCI4zSlyIjlYhPq_JtgpKcBTXhN775no5GFTQigj5PfQxn5Hg-jTXhKa-NNyKJuCSZYkuuXJnjRg3wTyqnohglrSk04oWrGadqrbkYeFdApukTXqJLqqCS_Gffpt1vNuEPln7Xgb3p8oQUvKOfnFvxIHk9aMJT-et-Cp1TZ2YJaWq7-gBq6HvIBJdTDrBWaj62YQNNPt8Hydhs6Fe0wU7bj2-h25NDhn9txnIR77ZDok9dHiEM-QmX5CWYOnxA9tQNbZ3XgC6tOTCernl1z3-y5g95lP1ScU9r21C5MmR8Zn5q8cEFqvFodk5ycOiSBKdU7ISU-PjYxJS7a18d3hM8wXz9vH5_oZN__A7oJKrM&build-label=apps-forms.freebird_20260128.00_p2&imp-sid=CKSw1qzvx5IDFcq7IwAdsAEX8w&is-cached-offline=false&wcrumsspbp=false\"",
  "document-policy": "include-js-call-stacks-in-crash-reports",
  "referrer-policy": "strict-origin-when-cross-origin",
  "x-content-type-options": "nosniff",
  "x-xss-protection": "1; mode=block",
  "server": "GSE",
  "set-cookie": [
    "S=spreadsheet_forms=RTxIgLoQu8S_UpVF9xnARoJIAFFxds2nZkGhChWSOuc; Domain=.docs.google.com; Expires=Sat, 07-Feb-2026 18:08:48 GMT; Path=/forms/d/e/1FAIpQLSctkwDOrFYNPzcOQRYmixTpyjDaXnKJW9lY85W5rlX-IJuDxw; Secure; HttpOnly; Priority=LOW; SameSite=none",
    "COMPASS=spreadsheet_forms=CjIACWuJV5UzPZpmncrss_4QPlYIF4utfWRZfBLhkBaXQsGbjaq4pSdYUliSq7yeQyV4JRCw_53MBho0AAlriVfRMoSTstmJcmhT5X6b5BtzuXL3Wymbc_iGjcSPJduejs6gf-C94Drwv20hmRsG4g==; Domain=.docs.google.com; Expires=Sat, 07-Feb-2026 18:08:48 GMT; Path=/forms/d/e/1FAIpQLSctkwDOrFYNPzcOQRYmixTpyjDaXnKJW9lY85W5rlX-IJuDxw; Secure; HttpOnly; Priority=LOW; SameSite=none",
    "NID=528=fpUXZKXL12klEtug4QlKIl2MwrxOcd9BPZ2TBu8MsYyGZJNCYoRERV04vRoPH54k4sX0K1H82H-1iAMpE260skhCE2NtXn6vmRMFUxi9_s7NdixJgoGxk2ljariuSmBMJB4lU59iSmy34t3gGa91eQa67uCZngdBqO6n4a4SD3iLweVwgFlOQ0U6H7KWhrD1Idfe2BX7O31_bOxcNA; expires=Sun, 09-Aug-2026 17:08:48 GMT; path=/; domain=.google.com; Secure; HttpOnly; SameSite=none"
  ],
  "alt-svc": "h3=\":443\"; ma=2592000,h3-29=\":443\"; ma=2592000",
  "accept-ranges": "none",
  "vary": "Accept-Encoding",
  "transfer-encoding": "chunked"
}

--- Response Body (first 500 chars) ---
<!DOCTYPE html><html class="HB1eCd-UMrnmb PHOcVb"><head><link rel="shortcut icon" sizes="16x16" href="https://ssl.gstatic.com/docs/spreadsheets/forms/favicon_qp2.png"><title>Kuesioner Penelitian Peran Mediasi E-Trust Pada Pengaruh Live Streaming Activities Terhadap Followers Engagement Tiktok Saff &amp; Co</title><link rel="stylesheet" href="https://www.gstatic.com/_/freebird/_/ss/k=freebird.v.SMVaY-fR4TY.L.W.O/am=AAgG/d=1/rs=AMjVe6gHGWiNklOTfwL_ptspJTxHC9z11g" data-id="_cl" nonce="vsnt62SQg1QZE

=== POST Test Complete ===

≡ƒôè SUMMARY:
- If Status Code = 200-299 ΓåÆ Likely Success
- If Status Code = 302-303 ΓåÆ Redirect (Usually Success)
- If Status Code = 400-499 ΓåÆ Client Error (Form rejected)
- Check your Google Form responses to verify!
